// Jest Snapshot v1, https://goo.gl/fbAQLP

exports[`TitleValue renders correctly 1`] = `
<View
  style={
    [
      {
        "flexDirection": "row",
        "justifyContent": "space-between",
        "padding": 20,
        "width": "100%",
      },
      undefined,
    ]
  }
>
  <Text
    style={
      {
        "fontSize": 16,
        "fontWeight": "bold",
      }
    }
  >
    Title
  </Text>
  <Text
    style={
      {
        "fontWeight": "600",
      }
    }
  >
    Value
  </Text>
</View>
`;
