// Jest Snapshot v1, https://goo.gl/fbAQLP

exports[`Holding renders correctly 1`] = `
<View
  style={
    {
      "backgroundColor": "white",
    }
  }
>
  <View
    style={
      [
        {
          "borderBottomColor": "#ededed",
          "borderBottomWidth": 1,
          "flexDirection": "row",
          "justifyContent": "space-between",
          "marginHorizontal": 20,
          "paddingVertical": 20,
        },
        undefined,
      ]
    }
  >
    <View>
      <Text
        style={
          {
            "fontWeight": "bold",
          }
        }
      >
        AAPL
      </Text>
      <Text
        style={
          {
            "marginTop": 5,
          }
        }
      >
        10
      </Text>
    </View>
    <View
      style={
        {
          "alignItems": "flex-end",
        }
      }
    >
      <Text>
        LTP : 
         
        <Text
          style={
            {
              "fontWeight": "bold",
            }
          }
        >
          ₹
           
          160
        </Text>
      </Text>
      <Text
        style={
          {
            "marginTop": 5,
          }
        }
      >
        PL : 
         
        <Text
          style={
            [
              {
                "fontWeight": "bold",
              },
              {
                "color": "green",
              },
            ]
          }
        >
          ₹
           
          100.00
        </Text>
      </Text>
    </View>
  </View>
</View>
`;
